<html>
<body>
<pre>
<h1>礦ision Build Log</h1>
<h2>Project:</h2>
C:\Users\Administrator\Desktop\基础例程-LED流水灯\Project\RVMDK\Project.uvproj
Project File Date:  07/21/2020

<h2>Output:</h2>
Build target 'STM32F107VCT6'
compiling main.c...
linking...
Program Size: Code=3252 RO-data=368 RW-data=108 ZI-data=19244  
FromELF: creating hex file...
".\Obj\STM3210C-EVAL.axf" - 0 Error(s), 0 Warning(s).
Load "C:\\Users\\Administrator\\Desktop\\基础例程-LED流水灯\\Project\\RVMDK\\Obj\\STM3210C-EVAL.axf" 
Set JLink Project File to "C:\Users\Administrator\Desktop\基础例程-LED流水灯\Project\RVMDK\JLinkSettings.ini"
* JLink Info: Device "STM32F107VC" selected (256 KB flash, 64 KB RAM).
 
JLink info:
------------
DLL: V4.80g, compiled Feb 13 2014 20:50:02
Firmware: J-Link V9 compiled Apr 20 2018 16:47:26
Hardware: V9.30
S/N : 59300616 
Feature(s) : RDI, FlashBP, FlashDL, JFlash, GDB 
 
* JLink Info: TotalIRLen = 9, IRPrint = 0x0011
* JLink Info: TotalIRLen = 9, IRPrint = 0x0011
* JLink Info: Found Cortex-M3 r1p1, Little endian.
* JLink Info: FPUnit: 6 code (BP) slots and 2 literal slots
* JLink Info: TPIU fitted.
* JLink Info: ETM fitted.
ROMTableAddr = 0xE00FF003
 
Target info:
------------
Device: STM32F107VC
VTarget = 3.317V
State of Pins: 
TCK: 1, TDI: 0, TDO: 1, TMS: 0, TRES: 1, TRST: 1
Hardware-Breakpoints: 6
Software-Breakpoints: 8192
Watchpoints:          4
JTAG speed: 2000 kHz
 
Erase Done.
Programming Done.
Verify OK.
Application running ...
</pre>
</body>
</html>
